// Jest Snapshot v1, https://goo.gl/fbAQLP

exports[`server-trailing-slash return errors if server url ends with a slash 1`] = `
Array [
  Object {
    "message": "must not match the pattern '/$'",
    "name": "server-trailing-slash",
    "path": Array [
      "servers",
      0,
      "url",
    ],
    "severity": 50,
    "severityLabel": "error",
    "summary": "Server URL should not have a trailing slash.",
  },
]
`;
