// Jest Snapshot v1, https://goo.gl/fbAQLP

exports[`model-description return errors if a definition is missing description 1`] = `
Array [
  Object {
    "message": "definitions.user.description is not truthy",
    "name": "model-description",
    "path": Array [
      "definitions",
      "user",
      "description",
    ],
    "severity": 50,
    "severityLabel": "error",
    "summary": "Definition \`description\` must be present and non-empty string.",
  },
]
`;
